#-----------------------------------------------------------
# Vivado v2024.2 (64-bit)
# SW Build 5239630 on Fri Nov 08 22:34:34 MST 2024
# IP Build 5239520 on Sun Nov 10 16:12:51 MST 2024
# SharedData Build 5239561 on Fri Nov 08 14:39:27 MST 2024
# Start of session at: Mon Mar  9 21:22:56 2026
# Process ID         : 137005
# Current directory  : /home/jiao/shared/onboard_A/vivado/onboard_A/onboard_A.runs/synth_1
# Command line       : vivado -log mnist_cim_demo_a_top.vds -product Vivado -mode batch -messageDb vivado.pb -notrace -source mnist_cim_demo_a_top.tcl
# Log file           : /home/jiao/shared/onboard_A/vivado/onboard_A/onboard_A.runs/synth_1/mnist_cim_demo_a_top.vds
# Journal file       : /home/jiao/shared/onboard_A/vivado/onboard_A/onboard_A.runs/synth_1/vivado.jou
# Running On         : archlinux
# Platform           : Arch
# Operating System   : Arch Linux
# Processor Detail   : 12th Gen Intel(R) Core(TM) i7-12700H
# CPU Frequency      : 400.184 MHz
# CPU Physical cores : 14
# CPU Logical cores  : 20
# Host memory        : 16430 MB
# Swap memory        : 17179 MB
# Total Virtual      : 33610 MB
# Available Virtual  : 23364 MB
#-----------------------------------------------------------
source mnist_cim_demo_a_top.tcl -notrace
